// Jest Snapshot v1, https://goo.gl/fbAQLP

exports[`Index Screen matches snapshot 1`] = `null`;
